[html.cwsthemes.com/liami/index.html]
[html.cwsthemes.com/liami/assets/images/favicon.png]
[backblue.gif]
[fade.gif]
[index.html]
[html.cwsthemes.com/liami/assets/css/all.min.css]
[html.cwsthemes.com/liami/assets/css/uicons-regular-rounded.css]
[html.cwsthemes.com/liami/assets/css/animate.min.css]
[html.cwsthemes.com/liami/assets/css/aos.min.css]
[html.cwsthemes.com/liami/assets/css/bootstrap.min.css]
[html.cwsthemes.com/liami/assets/css/jquery.fancybox.min.css]
[html.cwsthemes.com/liami/assets/css/jquery.bootstrap-touchspin.min.css]
[html.cwsthemes.com/liami/assets/css/perfect-scrollbar.css]
[html.cwsthemes.com/liami/assets/css/slick.css]
[html.cwsthemes.com/liami/assets/css/style.css]
[html.cwsthemes.com/liami/assets/css/responsive.css]
[html.cwsthemes.com/liami/about.html]
[html.cwsthemes.com/liami/contact.html]
[html.cwsthemes.com/liami/faq.html]
[html.cwsthemes.com/liami/signup.html]
[html.cwsthemes.com/liami/login.html]
[html.cwsthemes.com/liami/index2.html]
[html.cwsthemes.com/liami/index3.html]
[html.cwsthemes.com/liami/blog.html]
[html.cwsthemes.com/liami/blog2.html]
[html.cwsthemes.com/liami/blog3.html]
[html.cwsthemes.com/liami/blog4.html]
[html.cwsthemes.com/liami/blog5.html]
[html.cwsthemes.com/liami/product-detail.html]
[html.cwsthemes.com/liami/product-detail2.html]
[html.cwsthemes.com/liami/product-detail5.html]
[html.cwsthemes.com/liami/assets/images/resources/megamenupost-img1-1.jpg]
[html.cwsthemes.com/liami/assets/images/resources/megamenupost-img1-2.jpg]
[html.cwsthemes.com/liami/assets/images/resources/megamenupost-img1-3.jpg]
[html.cwsthemes.com/liami/assets/images/resources/megamenupost-img1-4.jpg]
[html.cwsthemes.com/liami/cart.html]
[html.cwsthemes.com/liami/checkout.html]
[html.cwsthemes.com/liami/wishlist.html]
[html.cwsthemes.com/liami/forgot-password.html]
[html.cwsthemes.com/liami/content-elements.html]
[html.cwsthemes.com/liami/contact2.html]
[html.cwsthemes.com/liami/blog-detail.html]
[html.cwsthemes.com/liami/blog-detail2.html]
[html.cwsthemes.com/liami/audio.html]
[html.cwsthemes.com/liami/video.html]
[html.cwsthemes.com/liami/quote.html]
[html.cwsthemes.com/liami/gallery.html]
[html.cwsthemes.com/liami/assets/images/logo.svg]
[html.cwsthemes.com/liami/assets/images/resources/mini-cart-img1-1.jpg]
[html.cwsthemes.com/liami/assets/images/resources/mini-cart-img1-2.jpg]
[html.cwsthemes.com/liami/assets/images/resources/mini-cart-img1-3.jpg]
[html.cwsthemes.com/liami/assets/images/resources/mini-cart-img1-4.jpg]
[html.cwsthemes.com/liami/assets/images/resources/slide-img1-1.jpg]
[html.cwsthemes.com/liami/assets/images/resources/slide-img1-2.jpg]
[html.cwsthemes.com/liami/assets/images/resources/card-img1-1.jpg]
[html.cwsthemes.com/liami/assets/images/resources/card-img1-2.jpg]
[html.cwsthemes.com/liami/assets/images/resources/card-img1-3.jpg]
[html.cwsthemes.com/liami/assets/images/resources/product-img1-1.jpg]
[html.cwsthemes.com/liami/assets/images/resources/product-img1-2.jpg]
[html.cwsthemes.com/liami/assets/images/resources/product-img1-3.jpg]
[html.cwsthemes.com/liami/assets/images/resources/product-img1-4.jpg]
[html.cwsthemes.com/liami/assets/images/resources/product-img1-5.jpg]
[html.cwsthemes.com/liami/assets/images/resources/product-img1-6.jpg]
[html.cwsthemes.com/liami/assets/images/resources/product-img1-7.jpg]
[html.cwsthemes.com/liami/assets/images/resources/product-img1-8.jpg]
[html.cwsthemes.com/liami/assets/images/resources/product-img1-9.jpg]
[html.cwsthemes.com/liami/assets/images/resources/product-img1-10.jpg]
[html.cwsthemes.com/liami/assets/images/resources/product-img1-11.jpg]
[html.cwsthemes.com/liami/assets/images/resources/product-img1-12.jpg]
[html.cwsthemes.com/liami/assets/images/resources/testi-img1-1.jpg]
[html.cwsthemes.com/liami/assets/images/resources/testi-img1-2.jpg]
[html.cwsthemes.com/liami/assets/images/resources/testi-img1-3.jpg]
[html.cwsthemes.com/liami/assets/images/resources/product-img1-13.jpg]
[html.cwsthemes.com/liami/assets/images/resources/product-img1-14.jpg]
[html.cwsthemes.com/liami/assets/images/resources/product-img1-15.jpg]
[html.cwsthemes.com/liami/assets/images/resources/product-img1-16.jpg]
[html.cwsthemes.com/liami/assets/images/resources/featured-product-img1-1.jpg]
[html.cwsthemes.com/liami/assets/images/resources/featured-product-img1-2.jpg]
[html.cwsthemes.com/liami/assets/images/resources/spnsr-img1-1.png]
[html.cwsthemes.com/liami/assets/images/resources/spnsr-img1-2.png]
[html.cwsthemes.com/liami/assets/images/resources/spnsr-img1-3.png]
[html.cwsthemes.com/liami/assets/images/resources/spnsr-img1-4.png]
[html.cwsthemes.com/liami/assets/images/resources/spnsr-img1-5.png]
[html.cwsthemes.com/liami/assets/images/resources/post-img1-1.jpg]
[html.cwsthemes.com/liami/assets/images/resources/post-img1-2.jpg]
[html.cwsthemes.com/liami/assets/images/resources/post-img1-3.jpg]
[html.cwsthemes.com/liami/assets/images/resources/newsletter-mockup.png]
[html.cwsthemes.com/liami/assets/images/payment-opt-img.png]
[html.cwsthemes.com/liami/assets/js/jquery.min.js]
[html.cwsthemes.com/liami/assets/js/bootstrap.min.js]
[html.cwsthemes.com/liami/assets/js/aos.min.js]
[html.cwsthemes.com/liami/assets/js/counterup.min.js]
[html.cwsthemes.com/liami/assets/js/particles.min.js]
[html.cwsthemes.com/liami/assets/js/tilt.jquery.min.js]
[html.cwsthemes.com/liami/assets/js/jquery.fancybox.min.js]
[html.cwsthemes.com/liami/assets/js/jquery.bootstrap-touchspin.min.js]
[html.cwsthemes.com/liami/assets/js/perfect-scrollbar.min.js]
[html.cwsthemes.com/liami/assets/js/slick.min.js]
[html.cwsthemes.com/liami/index.html]
[html.cwsthemes.com/liami/assets/js/custom-scripts.js]
[html.cwsthemes.com/liami/assets/webfonts/fa-brands-400.woff2]
[html.cwsthemes.com/liami/assets/webfonts/fa-brands-400.ttf]
[html.cwsthemes.com/liami/assets/webfonts/fa-regular-400.woff2]
[html.cwsthemes.com/liami/assets/webfonts/fa-regular-400.ttf]
[html.cwsthemes.com/liami/assets/webfonts/fa-solid-900.woff2]
[html.cwsthemes.com/liami/assets/webfonts/fa-solid-900.ttf]
[html.cwsthemes.com/liami/assets/webfonts/fa-v4compatibility.woff2]
[html.cwsthemes.com/liami/assets/webfonts/fa-v4compatibility.ttf]
[html.cwsthemes.com/liami/assets/css/all.min.css]
[html.cwsthemes.com/liami/assets/webfonts/uicons-regular-rounded.eot]
[html.cwsthemes.com/liami/assets/webfonts/uicons-regular-rounded.woff2]
[html.cwsthemes.com/liami/assets/webfonts/uicons-regular-rounded.woff]
[html.cwsthemes.com/liami/assets/css/uicons-regular-rounded.css]
[html.cwsthemes.com/liami/assets/css/animate.min.css]
[html.cwsthemes.com/liami/assets/css/aos.min.css]
[html.cwsthemes.com/liami/assets/css/bootstrap.min.css]
[html.cwsthemes.com/liami/assets/css/jquery.fancybox.min.css]
[html.cwsthemes.com/liami/assets/css/jquery.bootstrap-touchspin.min.css]
[html.cwsthemes.com/liami/assets/css/perfect-scrollbar.css]
[html.cwsthemes.com/liami/assets/css/slick.css]
[html.cwsthemes.com/liami/assets/css/style.css]
[html.cwsthemes.com/liami/assets/css/responsive.css]
[html.cwsthemes.com/liami/assets/images/top-banner-bg.jpg]
[html.cwsthemes.com/liami/assets/images/resources/about-img.jpg]
[html.cwsthemes.com/liami/assets/images/resources/our-mission-img.jpg]
[html.cwsthemes.com/liami/assets/images/resources/author-img.jpg]
[html.cwsthemes.com/liami/assets/images/resources/team-img1-1.jpg]
[html.cwsthemes.com/liami/assets/images/resources/team-img1-2.jpg]
[html.cwsthemes.com/liami/assets/images/resources/team-img1-3.jpg]
[html.cwsthemes.com/liami/assets/images/resources/team-img1-4.jpg]
[html.cwsthemes.com/liami/assets/images/resources/team-big-img1-1.jpg]
[html.cwsthemes.com/liami/assets/images/resources/team-big-img1-2.jpg]
[html.cwsthemes.com/liami/assets/images/resources/team-big-img1-3.jpg]
[html.cwsthemes.com/liami/assets/images/resources/team-big-img1-4.jpg]
[html.cwsthemes.com/liami/about.html]
[html.cwsthemes.com/liami/assets/images/resources/contact-img.jpg]
[html.cwsthemes.com/liami/contact.html]
[html.cwsthemes.com/liami/faq.html]
[html.cwsthemes.com/liami/assets/images/lg-rg-bg.jpg]
[html.cwsthemes.com/liami/signup.html]
[html.cwsthemes.com/liami/login.html]
[html.cwsthemes.com/liami/assets/images/resources/slide-mobile-img2-1.jpg]
[html.cwsthemes.com/liami/assets/images/resources/slide-img2-1.jpg]
[html.cwsthemes.com/liami/assets/images/resources/slide-mobile-img2-2.jpg]
[html.cwsthemes.com/liami/assets/images/resources/slide-img2-2.jpg]
[html.cwsthemes.com/liami/assets/images/resources/product-img2-1.jpg]
[html.cwsthemes.com/liami/assets/images/resources/product-img2-2.jpg]
[html.cwsthemes.com/liami/assets/images/resources/product-img2-3.jpg]
[html.cwsthemes.com/liami/assets/images/resources/product-img2-4.jpg]
[html.cwsthemes.com/liami/assets/images/resources/product-img2-5.jpg]
[html.cwsthemes.com/liami/assets/images/resources/product-img2-6.jpg]
[html.cwsthemes.com/liami/assets/images/resources/product-img2-7.jpg]
[html.cwsthemes.com/liami/assets/images/resources/product-img2-8.jpg]
[html.cwsthemes.com/liami/assets/images/resources/product-img2-9.jpg]
[html.cwsthemes.com/liami/assets/images/resources/product-img2-10.jpg]
[html.cwsthemes.com/liami/assets/images/resources/featured-product-img2-1.jpg]
[html.cwsthemes.com/liami/assets/images/resources/featured-product-img2-2.jpg]
[html.cwsthemes.com/liami/assets/images/resources/featured-product-img2-3.jpg]
[html.cwsthemes.com/liami/assets/images/resources/testi-img2-1.jpg]
[html.cwsthemes.com/liami/assets/images/resources/testi-img2-2.jpg]
[html.cwsthemes.com/liami/assets/images/resources/testi-img2-3.jpg]
[html.cwsthemes.com/liami/assets/images/resources/insta-img1-1.jpg]
[html.cwsthemes.com/liami/assets/images/resources/insta-img1-2.jpg]
[html.cwsthemes.com/liami/assets/images/resources/insta-img1-3.jpg]
[html.cwsthemes.com/liami/assets/images/resources/insta-img1-4.jpg]
[html.cwsthemes.com/liami/assets/images/resources/insta-img1-5.jpg]
[html.cwsthemes.com/liami/assets/images/resources/insta-img1-6.jpg]
[html.cwsthemes.com/liami/assets/images/resources/product-img2-11.jpg]
[html.cwsthemes.com/liami/assets/images/resources/product-img2-12.jpg]
[html.cwsthemes.com/liami/assets/images/resources/product-img2-13.jpg]
[html.cwsthemes.com/liami/assets/images/resources/product-img2-14.jpg]
[html.cwsthemes.com/liami/index2.html]
[html.cwsthemes.com/liami/assets/images/resources/slide-mobile-img3-1.jpg]
[html.cwsthemes.com/liami/assets/images/resources/slide-img3-1.jpg]
[html.cwsthemes.com/liami/assets/images/resources/slide-mobile-img3-2.jpg]
[html.cwsthemes.com/liami/assets/images/resources/slide-img3-2.jpg]
[html.cwsthemes.com/liami/assets/images/resources/sale-banner-img1.jpg]
[html.cwsthemes.com/liami/assets/images/bg-img2.jpg]
[html.cwsthemes.com/liami/assets/images/resources/streetwear-shoe-img.png]
[html.cwsthemes.com/liami/assets/images/resources/ex-sim-img.jpg]
[html.cwsthemes.com/liami/assets/images/resources/product-img3-1.jpg]
[html.cwsthemes.com/liami/assets/images/resources/product-img3-2.jpg]
[html.cwsthemes.com/liami/assets/images/resources/product-img3-3.jpg]
[html.cwsthemes.com/liami/assets/images/resources/product-img3-4.jpg]
[html.cwsthemes.com/liami/assets/images/resources/motiv-reward-img.jpg]
[html.cwsthemes.com/liami/assets/images/resources/featured-product-img3-1.jpg]
[html.cwsthemes.com/liami/assets/images/resources/featured-product-img3-2.jpg]
[html.cwsthemes.com/liami/assets/images/resources/featured-product-img3-3.jpg]
[html.cwsthemes.com/liami/assets/images/resources/featured-product-img3-4.jpg]
[html.cwsthemes.com/liami/assets/images/sn-cat-bg.jpg]
[html.cwsthemes.com/liami/assets/images/resources/sn-cat-img1-1.jpg]
[html.cwsthemes.com/liami/assets/images/resources/sn-cat-img1-2.jpg]
[html.cwsthemes.com/liami/assets/images/resources/sn-cat-img1-3.jpg]
[html.cwsthemes.com/liami/assets/images/resources/insta-img2-1.jpg]
[html.cwsthemes.com/liami/assets/images/resources/insta-img2-2.jpg]
[html.cwsthemes.com/liami/assets/images/resources/insta-img2-3.jpg]
[html.cwsthemes.com/liami/assets/images/resources/insta-img2-4.jpg]
[html.cwsthemes.com/liami/assets/images/resources/insta-img2-5.jpg]
[html.cwsthemes.com/liami/assets/images/resources/insta-img2-6.jpg]
[html.cwsthemes.com/liami/assets/images/resources/product-img3-5.jpg]
[html.cwsthemes.com/liami/assets/images/resources/product-img3-6.jpg]
[html.cwsthemes.com/liami/assets/images/resources/product-img3-7.jpg]
[html.cwsthemes.com/liami/index3.html]
[html.cwsthemes.com/liami/blog.html]
[html.cwsthemes.com/liami/assets/images/resources/post-img2-1.jpg]
[html.cwsthemes.com/liami/assets/images/resources/post-img2-2.jpg]
[html.cwsthemes.com/liami/assets/images/resources/post-img2-3.jpg]
[html.cwsthemes.com/liami/assets/images/resources/post-img2-4.jpg]
[html.cwsthemes.com/liami/blog2.html]
[html.cwsthemes.com/liami/blog3.html]
[html.cwsthemes.com/liami/assets/images/resources/post-img3-1.jpg]
[html.cwsthemes.com/liami/assets/images/resources/post-img3-4.jpg]
[html.cwsthemes.com/liami/assets/images/resources/post-img3-7.jpg]
[html.cwsthemes.com/liami/assets/images/resources/post-img3-10.jpg]
[html.cwsthemes.com/liami/assets/images/resources/post-img3-5.jpg]
[html.cwsthemes.com/liami/assets/images/resources/post-img3-8.jpg]
[html.cwsthemes.com/liami/assets/images/resources/post-img3-11.jpg]
[html.cwsthemes.com/liami/assets/images/resources/post-img3-2.jpg]
[html.cwsthemes.com/liami/assets/images/resources/post-img3-3.jpg]
[html.cwsthemes.com/liami/assets/images/resources/post-img3-6.jpg]
[html.cwsthemes.com/liami/assets/images/resources/post-img3-9.jpg]
[html.cwsthemes.com/liami/assets/images/resources/post-img3-12.jpg]
[html.cwsthemes.com/liami/blog4.html]
[html.cwsthemes.com/liami/blog5.html]
[html.cwsthemes.com/liami/assets/images/resources/product-detail-mini-img1-1.jpg]
[html.cwsthemes.com/liami/assets/images/resources/product-detail-mini-img1-2.jpg]
[html.cwsthemes.com/liami/assets/images/resources/product-detail-mini-img1-3.jpg]
[html.cwsthemes.com/liami/assets/images/resources/product-detail-mini-img1-4.jpg]
[html.cwsthemes.com/liami/assets/images/resources/product-detail-big-img1-1.jpg]
[html.cwsthemes.com/liami/assets/images/resources/product-detail-big-img1-2.jpg]
[html.cwsthemes.com/liami/assets/images/resources/product-detail-big-img1-3.jpg]
[html.cwsthemes.com/liami/assets/images/resources/product-detail-big-img1-4.jpg]
[html.cwsthemes.com/liami/assets/images/resources/review-img1.jpg]
[html.cwsthemes.com/liami/assets/images/resources/review-img2.jpg]
[html.cwsthemes.com/liami/assets/images/resources/review-img3.jpg]
[html.cwsthemes.com/liami/product-detail.html]
[html.cwsthemes.com/liami/assets/images/resources/product-detail-mini-img2-1.jpg]
[html.cwsthemes.com/liami/assets/images/resources/product-detail-mini-img2-2.jpg]
[html.cwsthemes.com/liami/assets/images/resources/product-detail-mini-img2-3.jpg]
[html.cwsthemes.com/liami/assets/images/resources/product-detail-mini-img2-4.jpg]
[html.cwsthemes.com/liami/assets/images/resources/product-detail-big-img2-1.jpg]
[html.cwsthemes.com/liami/assets/images/resources/product-detail-big-img2-2.jpg]
[html.cwsthemes.com/liami/assets/images/resources/product-detail-big-img2-3.jpg]
[html.cwsthemes.com/liami/assets/images/resources/product-detail-big-img2-4.jpg]
[html.cwsthemes.com/liami/product-detail2.html]
[html.cwsthemes.com/liami/product-detail3.html]
[html.cwsthemes.com/liami/product-detail4.html]
[html.cwsthemes.com/liami/assets/images/resources/product-detail-img5-1.jpg]
[html.cwsthemes.com/liami/assets/images/resources/product-detail-img5-2.jpg]
[html.cwsthemes.com/liami/assets/images/resources/product-detail-img5-3.jpg]
[html.cwsthemes.com/liami/assets/images/resources/product-detail-img5-4.jpg]
[html.cwsthemes.com/liami/assets/images/resources/product-detail-img5-5.jpg]
[html.cwsthemes.com/liami/assets/images/resources/product-detail-img5-6.jpg]
[html.cwsthemes.com/liami/product-detail5.html]
[html.cwsthemes.com/liami/assets/images/resources/cart-img1-1.jpg]
[html.cwsthemes.com/liami/assets/images/resources/cart-img1-2.jpg]
[html.cwsthemes.com/liami/assets/images/resources/cart-img1-3.jpg]
[html.cwsthemes.com/liami/cart.html]
[html.cwsthemes.com/liami/checkout.html]
[html.cwsthemes.com/liami/wishlist.html]
[html.cwsthemes.com/liami/forgot-password.html]
[html.cwsthemes.com/liami/assets/images/top-banner-bg2.jpg]
[html.cwsthemes.com/liami/assets/images/resources/gallery-img2-1.jpg]
[html.cwsthemes.com/liami/assets/images/resources/gallery-img2-2.jpg]
[html.cwsthemes.com/liami/assets/images/resources/gallery-img1-1.jpg]
[html.cwsthemes.com/liami/assets/images/resources/gallery-img1-2.jpg]
[html.cwsthemes.com/liami/assets/images/resources/gallery-img1-3.jpg]
[html.cwsthemes.com/liami/assets/images/resources/gallery-img1-4.jpg]
[html.cwsthemes.com/liami/assets/images/resources/gallery-img1-5.jpg]
[html.cwsthemes.com/liami/content-elements.html]
[html.cwsthemes.com/liami/contact2.html]
[html.cwsthemes.com/liami/assets/images/resources/post-detail-img1.jpg]
[html.cwsthemes.com/liami/assets/images/resources/post-gallery-img1-1.jpg]
[html.cwsthemes.com/liami/assets/images/resources/post-gallery-img1-2.jpg]
[html.cwsthemes.com/liami/assets/images/resources/comment-img1.jpg]
[html.cwsthemes.com/liami/assets/images/resources/comment-img2.jpg]
[html.cwsthemes.com/liami/assets/images/resources/comment-img3.jpg]
[html.cwsthemes.com/liami/blog-detail.html]
[html.cwsthemes.com/liami/assets/images/resources/mini-post-img1.jpg]
[html.cwsthemes.com/liami/assets/images/resources/mini-post-img2.jpg]
[html.cwsthemes.com/liami/assets/images/resources/mini-post-img3.jpg]
[html.cwsthemes.com/liami/assets/images/resources/mini-post-img4.jpg]
[html.cwsthemes.com/liami/assets/images/resources/post-detail-img2.jpg]
[html.cwsthemes.com/liami/blog-detail2.html]
[html.cwsthemes.com/liami/assets/images/resources/post-gallery-img2-1.jpg]
[html.cwsthemes.com/liami/assets/images/resources/post-gallery-img2-2.jpg]
[html.cwsthemes.com/liami/audio.html]
[html.cwsthemes.com/liami/video.html]
[html.cwsthemes.com/liami/quote.html]
[html.cwsthemes.com/liami/assets/images/resources/gallery-img1-6.jpg]
[html.cwsthemes.com/liami/assets/images/resources/gallery-img1-7.jpg]
[html.cwsthemes.com/liami/assets/images/resources/gallery-img1-8.jpg]
[html.cwsthemes.com/liami/assets/images/resources/gallery-img1-9.jpg]
[html.cwsthemes.com/liami/gallery.html]
[html.cwsthemes.com/liami/assets/images/logo.svg]
[html.cwsthemes.com/liami/assets/webfonts/fa-v4compatibility.html]
[html.cwsthemes.com/liami/assets/webfonts/fa-v4compatibility-2.html]
[html.cwsthemes.com/liami/assets/images/resources/product-detail-mini-img3-1.jpg]
[html.cwsthemes.com/liami/assets/images/resources/product-detail-mini-img3-2.jpg]
[html.cwsthemes.com/liami/assets/images/resources/product-detail-mini-img3-3.jpg]
[html.cwsthemes.com/liami/assets/images/resources/product-detail-mini-img3-4.jpg]
[html.cwsthemes.com/liami/assets/images/resources/product-detail-big-img3-1.jpg]
[html.cwsthemes.com/liami/assets/images/resources/product-detail-big-img3-2.jpg]
[html.cwsthemes.com/liami/assets/images/resources/product-detail-big-img3-3.jpg]
[html.cwsthemes.com/liami/assets/images/resources/product-detail-big-img3-4.jpg]
[html.cwsthemes.com/liami/product-detail3.html]
[html.cwsthemes.com/liami/assets/images/resources/product-detail-big-img4-1.jpg]
[html.cwsthemes.com/liami/assets/images/resources/product-detail-big-img4-2.jpg]
[html.cwsthemes.com/liami/assets/images/resources/product-detail-big-img4-3.jpg]
[html.cwsthemes.com/liami/assets/images/resources/product-detail-img4-1.jpg]
[html.cwsthemes.com/liami/assets/images/resources/product-detail-img4-2.jpg]
[html.cwsthemes.com/liami/assets/images/resources/product-detail-img4-3.jpg]
[html.cwsthemes.com/liami/assets/images/resources/product-detail-img4-4.jpg]
[html.cwsthemes.com/liami/assets/images/resources/product-detail-img4-5.jpg]
[html.cwsthemes.com/liami/assets/images/resources/product-detail-img4-6.jpg]
[html.cwsthemes.com/liami/assets/images/resources/product-detail-img4-7.jpg]
[html.cwsthemes.com/liami/assets/images/resources/product-detail-img4-8.jpg]
[html.cwsthemes.com/liami/assets/images/resources/product-detail-img4-9.jpg]
[html.cwsthemes.com/liami/assets/images/resources/product-detail-img4-10.jpg]
[html.cwsthemes.com/liami/assets/images/resources/product-detail-img4-11.jpg]
[html.cwsthemes.com/liami/assets/images/resources/product-detail-img4-12.jpg]
[html.cwsthemes.com/liami/assets/images/resources/product-detail-img4-13.jpg]
[html.cwsthemes.com/liami/assets/images/resources/mini-product-img1-1.jpg]
[html.cwsthemes.com/liami/assets/images/resources/mini-product-img1-2.jpg]
[html.cwsthemes.com/liami/assets/images/resources/mini-product-img1-3.jpg]
[html.cwsthemes.com/liami/assets/images/resources/mini-product-img1-4.jpg]
[html.cwsthemes.com/liami/product-detail4.html]
