[retnews.netlify.app/homepage-v1.html]
[backblue.gif]
[fade.gif]
[index.html]
[retnews.netlify.app/site.webmanifest]
[retnews.netlify.app/icon.png]
[retnews.netlify.app/images/loading.png]
[retnews.netlify.app/css/styles3875.css]
[retnews.netlify.app/images/logo1.png]
[retnews.netlify.app/homepage-v2.html]
[retnews.netlify.app/homepage-v3.html]
[retnews.netlify.app/homepage-v4.html]
[retnews.netlify.app/category-style-v1.html]
[retnews.netlify.app/category-style-v2.html]
[retnews.netlify.app/category-style-v3.html]
[retnews.netlify.app/article-detail-v1.html]
[retnews.netlify.app/article-detail-v2.html]
[retnews.netlify.app/article-detail-v3.html]
[retnews.netlify.app/search-result.html]
[retnews.netlify.app/search-result-v1.html]
[retnews.netlify.app/login.html]
[retnews.netlify.app/register.html]
[retnews.netlify.app/contact.html]
[retnews.netlify.app/404.html]
[retnews.netlify.app/about-us.html]
[retnews.netlify.app/about-us-v1.html]
[retnews.netlify.app/images/medium/newsimage3.png]
[retnews.netlify.app/images/medium/newsimage4.png]
[retnews.netlify.app/images/medium/newsimage5.png]
[retnews.netlify.app/images/medium/newsimage6.png]
[retnews.netlify.app/images/medium/newsimage7.png]
[retnews.netlify.app/images/thumb/news1.jpg]
[retnews.netlify.app/images/thumb/news2.jpg]
[retnews.netlify.app/images/thumb/news3.jpg]
[retnews.netlify.app/images/thumb/news4.jpg]
[retnews.netlify.app/images/thumb/news5.jpg]
[retnews.netlify.app/images/thumb/news6.jpg]
[retnews.netlify.app/images/corona.png]
[retnews.netlify.app/images/medium/newsimage1.png]
[retnews.netlify.app/images/newsimage8.png]
[retnews.netlify.app/images/medium/newsimage2.png]
[retnews.netlify.app/images/medium/newsimage8.png]
[retnews.netlify.app/images/medium/newsimage9.png]
[retnews.netlify.app/images/news1.jpg]
[retnews.netlify.app/images/newsimage17.png]
[retnews.netlify.app/images/newsimage18.png]
[retnews.netlify.app/images/newsimage19.png]
[retnews.netlify.app/images/newsimage20.png]
[retnews.netlify.app/images/newsimage21.png]
[retnews.netlify.app/images/newsimage10.jpg]
[retnews.netlify.app/images/newsimage5.png]
[retnews.netlify.app/images/newsimage4.jpg]
[retnews.netlify.app/images/newsimage6.png]
[retnews.netlify.app/images/newsimage2.png]
[retnews.netlify.app/images/newsimage9.jpg]
[retnews.netlify.app/images/newsimage5.jpg]
[retnews.netlify.app/images/newsimage12.jpg]
[retnews.netlify.app/images/newsimage7.jpg]
[retnews.netlify.app/images/newsimage8.jpg]
[retnews.netlify.app/images/newsimage11.jpg]
[retnews.netlify.app/images/banner2.jpg]
[retnews.netlify.app/images/logo2.png]
[retnews.netlify.app/contact-us.3b.delayed]
[retnews.netlify.app/homepage-v1.html]
[cdnjs.cloudflare.com/ajax/libs/font-awesome/4.7.0/css/font-awesome.min.css]
[retnews.netlify.app/js/index.bundle3875.js]
[cdnjs.cloudflare.com/ajax/libs/lightgallery/1.6.12/css/lightgallery.min.css]
[retnews.netlify.app/images/bg_section_04.jpg]
[retnews.netlify.app/images/bg_section_01.png]
[retnews.netlify.app/images/bg_section_02.png]
[retnews.netlify.app/images/bg_section_05.jpg]
[retnews.netlify.app/node_modules/slick-carousel/slick-carousel/slick/ajax-loader.43.delayed]
[retnews.netlify.app/images/bg_section_03.jpg]
[retnews.netlify.app/images/bg-news.jpg]
[retnews.netlify.app/images/index.jpg]
[retnews.netlify.app/images/home02.jpg]
[retnews.netlify.app/css/styles3875.css]
[retnews.netlify.app/images/banner.png]
[retnews.netlify.app/article-detail-v4.49.delayed]
[retnews.netlify.app/images/banner1.jpg]
[retnews.netlify.app/images/thumb/news7.jpg]
[retnews.netlify.app/images/newsimage23.png]
[retnews.netlify.app/images/thumb/news8.jpg]
[retnews.netlify.app/images/thumb/news9.jpg]
[retnews.netlify.app/images/newsimage24.png]
[retnews.netlify.app/images/newsimage25.png]
[retnews.netlify.app/images/newsimage26.png]
[retnews.netlify.app/images/newsimage22.png]
[retnews.netlify.app/images/newsimage27.png]
[retnews.netlify.app/images/newsimage28.png]
[retnews.netlify.app/images/newsimage29.png]
[retnews.netlify.app/images/thumb/news11.jpg]
[retnews.netlify.app/images/thumb/news12.jpg]
[retnews.netlify.app/images/banner6.jpg]
[retnews.netlify.app/homepage-v2.html]
[retnews.netlify.app/images/logo_footer_yoga.png]
[retnews.netlify.app/images/news12.jpg]
[retnews.netlify.app/images/news13.jpg]
[retnews.netlify.app/images/news15.jpg]
[retnews.netlify.app/images/news10.jpg]
[retnews.netlify.app/images/news11.jpg]
[retnews.netlify.app/images/hero-banner4.jpg]
[retnews.netlify.app/images/hero-banner.jpg]
[retnews.netlify.app/images/bg_section_06.jpg]
[retnews.netlify.app/images/imagepost1.png]
[retnews.netlify.app/images/imagepost2.png]
[retnews.netlify.app/images/imagepost5.png]
[retnews.netlify.app/images/imagepost6.png]
[retnews.netlify.app/images/newsimage7.png]
[retnews.netlify.app/images/imagepost8.png]
[retnews.netlify.app/images/imagepost10.png]
[retnews.netlify.app/images/news14.jpg]
[retnews.netlify.app/images/imagepost7.png]
[retnews.netlify.app/images/article-masonary2.jpg]
[retnews.netlify.app/images/newsimage1.png]
[retnews.netlify.app/images/newsimage2.jpg]
[retnews.netlify.app/images/newsimage6.jpg]
[retnews.netlify.app/images/about-me.jpg]
[retnews.netlify.app/images/hero-banner3.jpg]
[retnews.netlify.app/homepage-v3.html]
[retnews.netlify.app/images/newsimage3.png]
[retnews.netlify.app/images/newsimage4.png]
[retnews.netlify.app/images/article11.jpg]
[retnews.netlify.app/images/article-masonary.jpg]
[retnews.netlify.app/images/hero-banner2.jpg]
[retnews.netlify.app/homepage-v4.html]
[retnews.netlify.app/index.html]
[retnews.netlify.app/images/news16.jpg]
[retnews.netlify.app/images/news9.jpg]
[retnews.netlify.app/images/article5.jpg]
[retnews.netlify.app/category-style-v1.html]
[retnews.netlify.app/category-style-v2.html]
[retnews.netlify.app/images/corona2.png]
[retnews.netlify.app/category-style-v3.html]
[retnews.netlify.app/images/profile2.png]
[retnews.netlify.app/images/article-slide.jpg]
[retnews.netlify.app/images/profile.png]
[retnews.netlify.app/article-detail-v1.html]
[retnews.netlify.app/article-detail-v2.html]
[retnews.netlify.app/article-detail-v3.html]
[retnews.netlify.app/images/news17.jpg]
[retnews.netlify.app/search-result.html]
[retnews.netlify.app/search-result-v1.html]
[retnews.netlify.app/login.html]
[retnews.netlify.app/register.html]
[retnews.netlify.app/contact.html]
[retnews.netlify.app/404.html]
[retnews.netlify.app/images/official.jpg]
[retnews.netlify.app/images/team.png]
[retnews.netlify.app/images/team2.png]
[retnews.netlify.app/images/team3.png]
[retnews.netlify.app/images/team4.png]
[retnews.netlify.app/about-us.html]
[retnews.netlify.app/about-us-v1.html]
[retnews.netlify.app/contact-us.html]
[cdnjs.cloudflare.com/ajax/libs/font-awesome/4.7.0/css/font-awesome.min.css]
[cdnjs.cloudflare.com/ajax/libs/lightgallery/1.6.12/img/vimeo-play.png]
[cdnjs.cloudflare.com/ajax/libs/lightgallery/1.6.12/img/video-play.png]
[cdnjs.cloudflare.com/ajax/libs/lightgallery/1.6.12/img/youtube-play.png]
[cdnjs.cloudflare.com/ajax/libs/lightgallery/1.6.12/css/lightgallery.min.css]
[retnews.netlify.app/node_modules/slick-carousel/slick-carousel/slick/ajax-loader.html]
[retnews.netlify.app/article-detail-v4.html]
[cdnjs.cloudflare.com/ajax/libs/lightgallery/1.6.12/img/loading.gif]
[retnews.netlify.app/images/logo-hero.png]
[retnews.netlify.app/images/home1.jpg]
[retnews.netlify.app/images/home2.jpg]
[retnews.netlify.app/images/home3.jpg]
[retnews.netlify.app/images/home4.jpg]
[retnews.netlify.app/images/home5.jpg]
[retnews.netlify.app/images/home6.jpg]
[retnews.netlify.app/images/bootstrap.png]
[retnews.netlify.app/images/html5.png]
[retnews.netlify.app/images/css3.png]
[retnews.netlify.app/images/jquery.png]
[retnews.netlify.app/images/owl-logo.png]
[retnews.netlify.app/images/google-font.png]
[retnews.netlify.app/images/w3c-validation.png]
[retnews.netlify.app/images/responsive.png]
[retnews.netlify.app/images/19.png]
[retnews.netlify.app/images/12.png]
[retnews.netlify.app/images/nodejs.png]
[retnews.netlify.app/images/webpack.png]
[retnews.netlify.app/index.html]
